[cargocollective.com/yujiex.html]
[backblue.gif]
[fade.gif]
[index.html]
[cargocollective.com/rss/yujiex]
[cargocollective.com/_jsapps/_libs/cargo.apicore.package3339.js]
[cargocollective.com/apipackage3339]
[cargocollective.com/javascript/yujiex39f9]
[cargocollective.com/stylesheet/yujiex9a79.css]
[cargocollective.com/_jsapps/api/_css/global3339.css]
[cargocollective.com/_jsapps/_libs/cargo_plugins/elementResizer.js]
[cargocollective.com/yujiex/Projects.html]
[cargocollective.com/yujiex/Commissions.html]
[cargocollective.com/yujiex/About.html]
[cargocollective.com/yujiex/Projects/About.html]
[cargocollective.com/yujiex/Flowing-Soil-And-Other-Forms-short-film-2024.html]
[payload.cargocollective.com/1/24/778953/14547333/prt_560x320_1742273633.gif]
[cargocollective.com/yujiex/Elephant-In-A-Haystack-short-film-2022.html]
[payload.cargocollective.com/1/24/778953/14400861/prt_560x320_1742273985.gif]
[cargocollective.com/yujiex/White-Horse-short-film-2019.html]
[payload.cargocollective.com/1/24/778953/13757301/prt_560x320_1742274132.gif]
[cargocollective.com/yujiex/Walking-trail-of-the-worm-o0O-workshop.html]
[payload.cargocollective.com/1/24/778953/14579359/prt_560x320_1742274408.gif]
[cargocollective.com/yujiex/Painting-2020-2022.html]
[payload.cargocollective.com/1/24/778953/14409482/prt_560x320_1742274706.jpg]
[cargocollective.com/yujiex/Drawing-2019-2020.html]
[payload.cargocollective.com/1/24/778953/14398805/prt_560x320_1742274496.jpg]
[cargocollective.com/yujiex.html]
[cargocollective.com/_gfx/fullscreen_open.png]
[cargocollective.com/_gfx/svg/fullscreen_open.svg]
[cargocollective.com/_gfx/playpause.png]
[cargocollective.com/_gfx/svg/playpause.svg]
[cargocollective.com/stylesheet/yujiex9a79.css]
[cargocollective.com/_gfx/toolset-sprite.png]
[cargocollective.com/_gfx/svg/toolset-sprite.svg]
[cargocollective.com/_jsapps/api/_css/global3339.css]
[cargocollective.com/_gfx/loadingAnim.gif]
[assets.cdn.cargocollective.com/447640/656420680426901975509555070598385664/jquery.resizeMediaf875.js]
[cargocollective.com/index.html]
[cargocollective.com/yujiex/Projects/Commissions.html]
[cargocollective.com/yujiex/Projects/Flowing-Soil-And-Other-Forms-short-film-2024.html]
[cargocollective.com/yujiex/Projects/Elephant-In-A-Haystack-short-film-2022.html]
[cargocollective.com/yujiex/Projects/White-Horse-short-film-2019.html]
[cargocollective.com/yujiex/Projects/Walking-trail-of-the-worm-o0O-workshop.html]
[cargocollective.com/yujiex/Projects/Painting-2020-2022.html]
[cargocollective.com/yujiex/Projects/Drawing-2019-2020.html]
[cargocollective.com/yujiex/Projects.html]
[cargocollective.com/yujiex/Commissions.html]
[cargocollective.com/yujiex/About.html]
[cargocollective.com/yujiex/Projects/About.html]
[cargocollective.com/yujiex/Flowing-Soil-And-Other-Forms-short-film-2024.html]
[payload.cargocollective.com/1/24/778953/14400861/eiah_still30_800.jpg]
[payload.cargocollective.com/1/24/778953/14400861/eiah_still30_1340_c.jpg]
[payload.cargocollective.com/1/24/778953/14400861/eiah_still50_800.jpg]
[payload.cargocollective.com/1/24/778953/14400861/eiah_still50_1340_c.jpg]
[payload.cargocollective.com/1/24/778953/14400861/makingof2_800.jpg]
[payload.cargocollective.com/1/24/778953/14400861/makingof2_1340_c.jpg]
[payload.cargocollective.com/1/24/778953/14400861/makingof3_800.jpg]
[payload.cargocollective.com/1/24/778953/14400861/makingof3_1340_c.jpg]
[payload.cargocollective.com/1/24/778953/14400861/makingof1_800.jpg]
[cargocollective.com/yujiex/Elephant-In-A-Haystack-short-film-2022.html]
[payload.cargocollective.com/1/24/778953/14400861/makingof1_1000.jpg]
[payload.cargocollective.com/1/24/778953/13757301/300dpi_800.jpg]
[payload.cargocollective.com/1/24/778953/13757301/300dpi_1340_c.jpg]
[payload.cargocollective.com/1/24/778953/13757301/01_0004_800.jpg]
[payload.cargocollective.com/1/24/778953/13757301/01_0004_1340_c.jpg]
[payload.cargocollective.com/1/24/778953/13757301/banner_690.png]
[payload.cargocollective.com/1/24/778953/13757301/still01_800.png]
[payload.cargocollective.com/1/24/778953/13757301/still01_1340_c.png]
[payload.cargocollective.com/1/24/778953/13757301/still050_800.png]
[payload.cargocollective.com/1/24/778953/13757301/still050_1340_c.png]
[payload.cargocollective.com/1/24/778953/13757301/02_700.jpg]
[payload.cargocollective.com/1/24/778953/13757301/01_700.jpg]
[cargocollective.com/yujiex/White-Horse-short-film-2019.html]
[payload.cargocollective.com/1/24/778953/14579359/_800.jpg]
[cargocollective.com/yujiex/Walking-trail-of-the-worm-o0O-workshop.html]
[payload.cargocollective.com/1/24/778953/14579359/_1340_c.jpg]
[cargocollective.com/yujiex/Painting-2020-2022.html]
[cargocollective.com/yujiex/Drawing-2019-2020.html]
[cargocollective.com/_gfx/svg/fullscreen_open.svg]
[cargocollective.com/_gfx/svg/playpause.svg]
[cargocollective.com/_gfx/svg/toolset-sprite.svg]
[cargocollective.com/yujiex/Projects/Commissions.html]
[cargocollective.com/yujiex/Projects/Flowing-Soil-And-Other-Forms-short-film-2024.html]
[cargocollective.com/yujiex/Projects/Elephant-In-A-Haystack-short-film-2022.html]
[cargocollective.com/yujiex/Projects/White-Horse-short-film-2019.html]
[cargocollective.com/yujiex/Projects/Walking-trail-of-the-worm-o0O-workshop.html]
[cargocollective.com/yujiex/Projects/Painting-2020-2022.html]
[cargocollective.com/yujiex/Projects/Drawing-2019-2020.html]
